// Jest Snapshot v1, https://goo.gl/fbAQLP

exports[`testing Button renderwith snapshot 1`] = `
<DocumentFragment>
  <button
    style="color: black;"
  >
     Change name 
  </button>
</DocumentFragment>
`;
